// Jest Snapshot v1, https://jestjs.io/docs/snapshot-testing

exports[`buildOmerReminderMessage — all 49 days snapshot (Hebrew) produces stable Hebrew output for days 1–49 1`] = `
[
  {
    "day": 1,
    "message": "📿 *ספירת העומר – יום 1*

_"היום 1 יום לעומר"_

(1 מתוך 49) 🌙",
  },
  {
    "day": 2,
    "message": "📿 *ספירת העומר – יום 2*

_"היום 2 ימים לעומר"_

(2 מתוך 49) 🌙",
  },
  {
    "day": 3,
    "message": "📿 *ספירת העומר – יום 3*

_"היום 3 ימים לעומר"_

(3 מתוך 49) 🌙",
  },
  {
    "day": 4,
    "message": "📿 *ספירת העומר – יום 4*

_"היום 4 ימים לעומר"_

(4 מתוך 49) 🌙",
  },
  {
    "day": 5,
    "message": "📿 *ספירת העומר – יום 5*

_"היום 5 ימים לעומר"_

(5 מתוך 49) 🌙",
  },
  {
    "day": 6,
    "message": "📿 *ספירת העומר – יום 6*

_"היום 6 ימים לעומר"_

(6 מתוך 49) 🌙",
  },
  {
    "day": 7,
    "message": "📿 *ספירת העומר – יום 7*

_"היום 7 יום לעומר שהם שבוע אחד"_

(7 מתוך 49) 🌙",
  },
  {
    "day": 8,
    "message": "📿 *ספירת העומר – יום 8*

_"היום 8 יום לעומר שהם שבוע אחד ויום אחד"_

(8 מתוך 49) 🌙",
  },
  {
    "day": 9,
    "message": "📿 *ספירת העומר – יום 9*

_"היום 9 יום לעומר שהם שבוע אחד ושני ימים"_

(9 מתוך 49) 🌙",
  },
  {
    "day": 10,
    "message": "📿 *ספירת העומר – יום 10*

_"היום 10 יום לעומר שהם שבוע אחד ושלושה ימים"_

(10 מתוך 49) 🌙",
  },
  {
    "day": 11,
    "message": "📿 *ספירת העומר – יום 11*

_"היום 11 יום לעומר שהם שבוע אחד וארבעה ימים"_

(11 מתוך 49) 🌙",
  },
  {
    "day": 12,
    "message": "📿 *ספירת העומר – יום 12*

_"היום 12 יום לעומר שהם שבוע אחד וחמישה ימים"_

(12 מתוך 49) 🌙",
  },
  {
    "day": 13,
    "message": "📿 *ספירת העומר – יום 13*

_"היום 13 יום לעומר שהם שבוע אחד ושישה ימים"_

(13 מתוך 49) 🌙",
  },
  {
    "day": 14,
    "message": "📿 *ספירת העומר – יום 14*

_"היום 14 יום לעומר שהם שני שבועות"_

(14 מתוך 49) 🌙",
  },
  {
    "day": 15,
    "message": "📿 *ספירת העומר – יום 15*

_"היום 15 יום לעומר שהם 2 שבועות ויום אחד"_

(15 מתוך 49) 🌙",
  },
  {
    "day": 16,
    "message": "📿 *ספירת העומר – יום 16*

_"היום 16 יום לעומר שהם 2 שבועות ושני ימים"_

(16 מתוך 49) 🌙",
  },
  {
    "day": 17,
    "message": "📿 *ספירת העומר – יום 17*

_"היום 17 יום לעומר שהם 2 שבועות ושלושה ימים"_

(17 מתוך 49) 🌙",
  },
  {
    "day": 18,
    "message": "📿 *ספירת העומר – יום 18*

_"היום 18 יום לעומר שהם 2 שבועות וארבעה ימים"_

(18 מתוך 49) 🌙",
  },
  {
    "day": 19,
    "message": "📿 *ספירת העומר – יום 19*

_"היום 19 יום לעומר שהם 2 שבועות וחמישה ימים"_

(19 מתוך 49) 🌙",
  },
  {
    "day": 20,
    "message": "📿 *ספירת העומר – יום 20*

_"היום 20 יום לעומר שהם 2 שבועות ושישה ימים"_

(20 מתוך 49) 🌙",
  },
  {
    "day": 21,
    "message": "📿 *ספירת העומר – יום 21*

_"היום 21 יום לעומר שהם שלושה שבועות"_

(21 מתוך 49) 🌙",
  },
  {
    "day": 22,
    "message": "📿 *ספירת העומר – יום 22*

_"היום 22 יום לעומר שהם 3 שבועות ויום אחד"_

(22 מתוך 49) 🌙",
  },
  {
    "day": 23,
    "message": "📿 *ספירת העומר – יום 23*

_"היום 23 יום לעומר שהם 3 שבועות ושני ימים"_

(23 מתוך 49) 🌙",
  },
  {
    "day": 24,
    "message": "📿 *ספירת העומר – יום 24*

_"היום 24 יום לעומר שהם 3 שבועות ושלושה ימים"_

(24 מתוך 49) 🌙",
  },
  {
    "day": 25,
    "message": "📿 *ספירת העומר – יום 25*

_"היום 25 יום לעומר שהם 3 שבועות וארבעה ימים"_

(25 מתוך 49) 🌙",
  },
  {
    "day": 26,
    "message": "📿 *ספירת העומר – יום 26*

_"היום 26 יום לעומר שהם 3 שבועות וחמישה ימים"_

(26 מתוך 49) 🌙",
  },
  {
    "day": 27,
    "message": "📿 *ספירת העומר – יום 27*

_"היום 27 יום לעומר שהם 3 שבועות ושישה ימים"_

(27 מתוך 49) 🌙",
  },
  {
    "day": 28,
    "message": "📿 *ספירת העומר – יום 28*

_"היום 28 יום לעומר שהם ארבעה שבועות"_

(28 מתוך 49) 🌙",
  },
  {
    "day": 29,
    "message": "📿 *ספירת העומר – יום 29*

_"היום 29 יום לעומר שהם 4 שבועות ויום אחד"_

(29 מתוך 49) 🌙",
  },
  {
    "day": 30,
    "message": "📿 *ספירת העומר – יום 30*

_"היום 30 יום לעומר שהם 4 שבועות ושני ימים"_

(30 מתוך 49) 🌙",
  },
  {
    "day": 31,
    "message": "📿 *ספירת העומר – יום 31*

_"היום 31 יום לעומר שהם 4 שבועות ושלושה ימים"_

(31 מתוך 49) 🌙",
  },
  {
    "day": 32,
    "message": "📿 *ספירת העומר – יום 32*

_"היום 32 יום לעומר שהם 4 שבועות וארבעה ימים"_

(32 מתוך 49) 🌙",
  },
  {
    "day": 33,
    "message": "📿 *ספירת העומר – יום 33*

_"היום 33 יום לעומר שהם 4 שבועות וחמישה ימים"_

(33 מתוך 49) 🌙",
  },
  {
    "day": 34,
    "message": "📿 *ספירת העומר – יום 34*

_"היום 34 יום לעומר שהם 4 שבועות ושישה ימים"_

(34 מתוך 49) 🌙",
  },
  {
    "day": 35,
    "message": "📿 *ספירת העומר – יום 35*

_"היום 35 יום לעומר שהם חמישה שבועות"_

(35 מתוך 49) 🌙",
  },
  {
    "day": 36,
    "message": "📿 *ספירת העומר – יום 36*

_"היום 36 יום לעומר שהם 5 שבועות ויום אחד"_

(36 מתוך 49) 🌙",
  },
  {
    "day": 37,
    "message": "📿 *ספירת העומר – יום 37*

_"היום 37 יום לעומר שהם 5 שבועות ושני ימים"_

(37 מתוך 49) 🌙",
  },
  {
    "day": 38,
    "message": "📿 *ספירת העומר – יום 38*

_"היום 38 יום לעומר שהם 5 שבועות ושלושה ימים"_

(38 מתוך 49) 🌙",
  },
  {
    "day": 39,
    "message": "📿 *ספירת העומר – יום 39*

_"היום 39 יום לעומר שהם 5 שבועות וארבעה ימים"_

(39 מתוך 49) 🌙",
  },
  {
    "day": 40,
    "message": "📿 *ספירת העומר – יום 40*

_"היום 40 יום לעומר שהם 5 שבועות וחמישה ימים"_

(40 מתוך 49) 🌙",
  },
  {
    "day": 41,
    "message": "📿 *ספירת העומר – יום 41*

_"היום 41 יום לעומר שהם 5 שבועות ושישה ימים"_

(41 מתוך 49) 🌙",
  },
  {
    "day": 42,
    "message": "📿 *ספירת העומר – יום 42*

_"היום 42 יום לעומר שהם שישה שבועות"_

(42 מתוך 49) 🌙",
  },
  {
    "day": 43,
    "message": "📿 *ספירת העומר – יום 43*

_"היום 43 יום לעומר שהם 6 שבועות ויום אחד"_

(43 מתוך 49) 🌙",
  },
  {
    "day": 44,
    "message": "📿 *ספירת העומר – יום 44*

_"היום 44 יום לעומר שהם 6 שבועות ושני ימים"_

(44 מתוך 49) 🌙",
  },
  {
    "day": 45,
    "message": "📿 *ספירת העומר – יום 45*

_"היום 45 יום לעומר שהם 6 שבועות ושלושה ימים"_

(45 מתוך 49) 🌙",
  },
  {
    "day": 46,
    "message": "📿 *ספירת העומר – יום 46*

_"היום 46 יום לעומר שהם 6 שבועות וארבעה ימים"_

(46 מתוך 49) 🌙",
  },
  {
    "day": 47,
    "message": "📿 *ספירת העומר – יום 47*

_"היום 47 יום לעומר שהם 6 שבועות וחמישה ימים"_

(47 מתוך 49) 🌙",
  },
  {
    "day": 48,
    "message": "📿 *ספירת העומר – יום 48*

_"היום 48 יום לעומר שהם 6 שבועות ושישה ימים"_

(48 מתוך 49) 🌙",
  },
  {
    "day": 49,
    "message": "📿 *ספירת העומר – יום 49*

_"היום 49 יום לעומר שהם שבעה שבועות"_

(49 מתוך 49) 🌙",
  },
]
`;
